9 words
> argh
: ⬜⬜⬜⬜

4 words
> beta
: ⬜🟨⬜⬜

2 words
> flew
: ⬜🟩🟨⬜

1 words
> crew
: ⬜⬜🟨⬜

1 words
> else
: 🟩🟩🟩🟩

Absurdle 5/∞

⬜⬜⬜⬜
⬜🟨⬜⬜
⬜🟩🟨⬜
⬜⬜🟨⬜
🟩🟩🟩🟩
