9 words
> glue
: ⬜⬜⬜🟨

2 words
> boom
: 🟨⬜⬜⬜

1 words
> spew
: ⬜⬜🟩⬜

1 words
> clue
: ⬜⬜⬜🟨

1 words
> ibex
: 🟩🟩🟩🟩

Absurdle 5/∞

⬜⬜⬜🟨
🟨⬜⬜⬜
⬜⬜🟩⬜
⬜⬜⬜🟨
🟩🟩🟩🟩
