9 words
> anew
: ⬜⬜⬜⬜

2 words
> borg
: ⬜🟩⬜⬜

1 words
> good
: ⬜🟩🟩⬜

1 words
> cool
: 🟩🟩🟩🟩

Absurdle 4/∞

⬜⬜⬜⬜
⬜🟩⬜⬜
⬜🟩🟩⬜
🟩🟩🟩🟩
