2309 words
> argue
: ⬜⬜⬜⬜⬜

249 words
> agnew
: ⬜⬜⬜⬜⬜

162 words
> today
: ⬜⬜⬜⬜🟩

21 words
> email
: ⬜⬜⬜🟨⬜

8 words
> clash
: ⬜⬜⬜⬜⬜

2 words
> slack
: ⬜⬜⬜⬜⬜

2 words
> fifty
: 🟨🟩🟩⬜🟩

1 words
> jiffy
: 🟩🟩🟩🟩🟩

Absurdle 8/∞

⬜⬜⬜⬜⬜
⬜⬜⬜⬜⬜
⬜⬜⬜⬜🟩
⬜⬜⬜🟨⬜
⬜⬜⬜⬜⬜
⬜⬜⬜⬜⬜
🟨🟩🟩⬜🟩
🟩🟩🟩🟩🟩
