2309 words
> adieu
: 🟨⬜⬜⬜⬜

284 words
> words
: ⬜⬜⬜⬜⬜

64 words
> blank
: ⬜⬜🟨⬜⬜

16 words
> fancy
: ⬜🟩⬜⬜🟩

5 words
> jazzy
: ⬜🟩⬜⬜🟩

4 words
> happy
: ⬜🟩⬜⬜🟩

2 words
> mammy
: ⬜🟩⬜⬜🟩

1 words
> tatty
: 🟩🟩🟩🟩🟩

Absurdle 8/∞

🟨⬜⬜⬜⬜
⬜⬜⬜⬜⬜
⬜⬜🟨⬜⬜
⬜🟩⬜⬜🟩
⬜🟩⬜⬜🟩
⬜🟩⬜⬜🟩
⬜🟩⬜⬜🟩
🟩🟩🟩🟩🟩
