2309 words
> crate
: ⬜⬜⬜⬜⬜

246 words
> loins
: ⬜🟩⬜⬜⬜

16 words
> gully
: ⬜⬜⬜⬜🟩

10 words
> bully
: ⬜⬜⬜⬜🟩

6 words
> dully
: 🟨⬜⬜⬜🟩

3 words
> fully
: ⬜⬜⬜⬜🟩

3 words
> moody
: ⬜🟩⬜🟩🟩

1 words
> howdy
: 🟩🟩🟩🟩🟩

Absurdle 8/∞

⬜⬜⬜⬜⬜
⬜🟩⬜⬜⬜
⬜⬜⬜⬜🟩
⬜⬜⬜⬜🟩
🟨⬜⬜⬜🟩
⬜⬜⬜⬜🟩
⬜🟩⬜🟩🟩
🟩🟩🟩🟩🟩
